###############################################################################
#
# IAR ELF Linker V7.50.2.10312/W32 for ARM                04/Mar/2016  05:09:09
# Copyright 2007-2015 IAR Systems AB.
#
#    Output file  =  
#        C:\Users\windwos\Desktop\newTurtle\Turtle\EWARM\Turtle
#        Configuration\Exe\Turtle Configuration.out
#    Map file     =  
#        C:\Users\windwos\Desktop\newTurtle\Turtle\EWARM\Turtle
#        Configuration\List\Turtle Configuration.map
#    Command line =  
#        "C:\Users\windwos\Desktop\newTurtle\Turtle\EWARM\Turtle
#        Configuration\Obj\gpio.o"
#        "C:\Users\windwos\Desktop\newTurtle\Turtle\EWARM\Turtle
#        Configuration\Obj\main.o"
#        "C:\Users\windwos\Desktop\newTurtle\Turtle\EWARM\Turtle
#        Configuration\Obj\startup_stm32f303xc.o"
#        "C:\Users\windwos\Desktop\newTurtle\Turtle\EWARM\Turtle
#        Configuration\Obj\stm32f3_discovery.o"
#        "C:\Users\windwos\Desktop\newTurtle\Turtle\EWARM\Turtle
#        Configuration\Obj\stm32f3xx_hal.o"
#        "C:\Users\windwos\Desktop\newTurtle\Turtle\EWARM\Turtle
#        Configuration\Obj\stm32f3xx_hal_cortex.o"
#        "C:\Users\windwos\Desktop\newTurtle\Turtle\EWARM\Turtle
#        Configuration\Obj\stm32f3xx_hal_dma.o"
#        "C:\Users\windwos\Desktop\newTurtle\Turtle\EWARM\Turtle
#        Configuration\Obj\stm32f3xx_hal_flash.o"
#        "C:\Users\windwos\Desktop\newTurtle\Turtle\EWARM\Turtle
#        Configuration\Obj\stm32f3xx_hal_flash_ex.o"
#        "C:\Users\windwos\Desktop\newTurtle\Turtle\EWARM\Turtle
#        Configuration\Obj\stm32f3xx_hal_gpio.o"
#        "C:\Users\windwos\Desktop\newTurtle\Turtle\EWARM\Turtle
#        Configuration\Obj\stm32f3xx_hal_msp.o"
#        "C:\Users\windwos\Desktop\newTurtle\Turtle\EWARM\Turtle
#        Configuration\Obj\stm32f3xx_hal_pwr.o"
#        "C:\Users\windwos\Desktop\newTurtle\Turtle\EWARM\Turtle
#        Configuration\Obj\stm32f3xx_hal_pwr_ex.o"
#        "C:\Users\windwos\Desktop\newTurtle\Turtle\EWARM\Turtle
#        Configuration\Obj\stm32f3xx_hal_rcc.o"
#        "C:\Users\windwos\Desktop\newTurtle\Turtle\EWARM\Turtle
#        Configuration\Obj\stm32f3xx_hal_rcc_ex.o"
#        "C:\Users\windwos\Desktop\newTurtle\Turtle\EWARM\Turtle
#        Configuration\Obj\stm32f3xx_hal_tim.o"
#        "C:\Users\windwos\Desktop\newTurtle\Turtle\EWARM\Turtle
#        Configuration\Obj\stm32f3xx_hal_tim_ex.o"
#        "C:\Users\windwos\Desktop\newTurtle\Turtle\EWARM\Turtle
#        Configuration\Obj\stm32f3xx_hal_uart.o"
#        "C:\Users\windwos\Desktop\newTurtle\Turtle\EWARM\Turtle
#        Configuration\Obj\stm32f3xx_hal_uart_ex.o"
#        "C:\Users\windwos\Desktop\newTurtle\Turtle\EWARM\Turtle
#        Configuration\Obj\stm32f3xx_it.o"
#        "C:\Users\windwos\Desktop\newTurtle\Turtle\EWARM\Turtle
#        Configuration\Obj\system_stm32f3xx.o"
#        "C:\Users\windwos\Desktop\newTurtle\Turtle\EWARM\Turtle
#        Configuration\Obj\tim.o"
#        "C:\Users\windwos\Desktop\newTurtle\Turtle\EWARM\Turtle
#        Configuration\Obj\turtle_functions.o"
#        "C:\Users\windwos\Desktop\newTurtle\Turtle\EWARM\Turtle
#        Configuration\Obj\usart.o" --redirect _Printf=_PrintfFull --redirect
#        _Scanf=_ScanfFull -o
#        "C:\Users\windwos\Desktop\newTurtle\Turtle\EWARM\Turtle
#        Configuration\Exe\Turtle Configuration.out" --map
#        "C:\Users\windwos\Desktop\newTurtle\Turtle\EWARM\Turtle
#        Configuration\List\Turtle Configuration.map" --config
#        C:\Users\windwos\Desktop\newTurtle\Turtle\EWARM/stm32f303xc_flash.icf
#        --semihosting --entry __iar_program_start --vfe
#
###############################################################################

*******************************************************************************
*** RUNTIME MODEL ATTRIBUTES
***

CppFlavor                     = *
__SystemLibrary               = DLib
__dlib_dynamic_initialization = normal


*******************************************************************************
*** PLACEMENT SUMMARY
***

"A1":  place at 0x08000000 { ro section .intvec };
"P1":  place in [from 0x08000000 to 0x0803ffff] { ro };
"P2":  place in [from 0x20000000 to 0x20009fff] { rw, block CSTACK, block HEAP };

  Section             Kind        Address    Size  Object
  -------             ----        -------    ----  ------
"A1":                                       0x188
  .intvec             ro code  0x08000000   0x188  startup_stm32f303xc.o [1]
                             - 0x08000188   0x188

"P1":                                      0x456c
  .text               ro code  0x08000188   0xccc  xscanffull.o [3]
  .text               ro code  0x08000e54    0x20  xmbtowc.o [3]
  .text               ro code  0x08000e74    0x40  xwctob.o [3]
  .text               ro code  0x08000eb4    0x28  isxxx.o [3]
  .text               ro code  0x08000edc    0x16  strchr.o [5]
  .text               ro code  0x08000ef2    0x1e  xsscin.o [3]
  .text               ro code  0x08000f10    0x58  memchr.o [5]
  .text               ro code  0x08000f68    0x36  strlen.o [5]
  .text               ro code  0x08000f9e    0xa4  xstoll.o [3]
  .text               ro code  0x08001044   0x1b0  xstoull.o [3]
  .text               ro code  0x080011f4   0x168  xstold.o [4]
  .text               ro code  0x0800135c    0x6c  localeconv.o [3]
  .text               ro code  0x080013c8   0x114  xdscale.o [4]
  .text               ro code  0x080014dc    0x90  DblToFlt.o [4]
  .text               ro code  0x0800156c    0x24  setlocale.o [3]
  .text               ro code  0x08001590    0x60  xencoding_sb.o [3]
  .text               ro code  0x080015f0    0x1a  xwctomb.o [3]
  .text               ro code  0x0800160a    0x16  xlocale_c.o [3]
  .text               ro code  0x08001620    0x14  xlocale_c.o [3]
  .text               ro code  0x08001634     0xc  errno.o [3]
  .text               ro code  0x08001640    0x14  tolower.o [3]
  .text               ro code  0x08001654    0xee  I64DivMod.o [5]
  .text               ro code  0x08001742   0x124  xstopfx.o [3]
  .text               ro code  0x08001868   0x1b8  xstoflt.o [3]
  .text               ro code  0x08001a20    0x2c  I32ToDbl.o [4]
  .text               ro code  0x08001a4c   0x1a2  DblMul.o [4]
  .text               ro code  0x08001bf0    0xe8  DblAdd.o [4]
  .text               ro code  0x08001cd8   0x200  xdtento.o [4]
  .text               ro code  0x08001ed8   0x218  xstoxflt.o [3]
  .text               ro code  0x080020f0     0x2  xtls.o [3]
  .text               ro code  0x080020f2    0x42  xdnorm.o [4]
  .text               ro code  0x08002134     0xc  xlocale_c.o [3]
  .text               ro code  0x08002140     0x2  I64DivZer.o [5]
  .text               ro code  0x08002144   0x16c  DblSub.o [4]
  .text               ro code  0x080022b0    0x20  DblCmpEq.o [4]
  .text               ro code  0x080022d0    0x52  xdunscal.o [4]
  .text               ro code  0x08002324   0x256  DblDiv.o [4]
  .text               ro code  0x0800257c   0x6b2  stm32f3xx_hal_uart.o [1]
  .text               ro code  0x08002c30    0x98  usart.o [1]
  .text               ro code  0x08002cc8     0x2  stm32f3xx_hal_uart_ex.o [1]
  .text               ro code  0x08002ccc   0x564  stm32f3xx_hal_rcc.o [1]
  .text               ro code  0x08003230    0x74  stm32f3xx_hal.o [1]
  .text               ro code  0x080032a4   0x250  main.o [1]
  .text               ro code  0x080034f4   0x1ac  stm32f3xx_hal_gpio.o [1]
  .text               ro code  0x080036a0    0xe2  stm32f3xx_hal_cortex.o [1]
  .text               ro code  0x08003784    0x30  stm32f3xx_hal_msp.o [1]
  .text               ro code  0x080037b4   0x1ae  turtle_functions.o [1]
  .text               ro code  0x08003964   0x146  gpio.o [1]
  .text               ro code  0x08003aac    0xc4  tim.o [1]
  .text               ro code  0x08003b70     0x6  ABImemclr4.o [5]
  .text               ro code  0x08003b78    0x24  sscanf.o [3]
  .text               ro code  0x08003b9c    0x28  strncmp.o [3]
  .text               ro code  0x08003bc4   0x3ac  stm32f3xx_hal_tim.o [1]
  .text               ro code  0x08003f70    0x3c  stm32f3_discovery.o [1]
  .text               ro code  0x08003fac    0x2e  DblCmpLe.o [4]
  .text               ro code  0x08003fdc   0x194  stm32f3xx_hal_rcc_ex.o [1]
  .text               ro code  0x08004170   0x232  stm32f3xx_hal_tim_ex.o [1]
  .text               ro code  0x080043a4    0x32  ABImemset48.o [5]
  .text               ro code  0x080043d8    0x6c  system_stm32f3xx.o [1]
  .text               ro code  0x08004444    0x40  zero_init3.o [5]
  .text               ro code  0x08004484    0x38  packbits_init_single.o [5]
  .text               ro code  0x080044bc    0x28  data_init.o [5]
  .text               ro code  0x080044e4    0x22  fpinit_M.o [4]
  .iar.init_table     const    0x08004508    0x20  - Linker created -
  .text               ro code  0x08004528    0x1a  cmain.o [5]
  .text               ro code  0x08004542     0x4  low_level_init.o [3]
  .text               ro code  0x08004546     0x4  exit.o [3]
  .text               ro code  0x0800454c     0xa  cexit.o [5]
  .text               ro code  0x08004558    0x14  exit.o [6]
  .text               ro code  0x0800456c    0x18  stm32f3xx_it.o [1]
  .text               ro code  0x08004584    0x10  startup_stm32f303xc.o [1]
  .text               ro code  0x08004594     0xc  cstartup_M.o [5]
  .text               ro code  0x080045a0     0x4  startup_stm32f303xc.o [1]
  .text               ro code  0x080045a4     0x4  startup_stm32f303xc.o [1]
  .text               ro code  0x080045a8     0x4  startup_stm32f303xc.o [1]
  .text               ro code  0x080045ac     0x4  startup_stm32f303xc.o [1]
  .text               ro code  0x080045b0     0x4  startup_stm32f303xc.o [1]
  .text               ro code  0x080045b4     0x4  startup_stm32f303xc.o [1]
  .text               ro code  0x080045b8     0x4  startup_stm32f303xc.o [1]
  .text               ro code  0x080045bc     0x4  startup_stm32f303xc.o [1]
  .text               ro code  0x080045c0     0x4  startup_stm32f303xc.o [1]
  .text               ro code  0x080045c4     0x4  startup_stm32f303xc.o [1]
  .text               ro code  0x080045c8     0x4  startup_stm32f303xc.o [1]
  .text               ro code  0x080045cc     0x4  startup_stm32f303xc.o [1]
  .text               ro code  0x080045d0     0x4  startup_stm32f303xc.o [1]
  .text               ro code  0x080045d4     0x4  startup_stm32f303xc.o [1]
  .text               ro code  0x080045d8     0x4  startup_stm32f303xc.o [1]
  .text               ro code  0x080045dc     0x4  startup_stm32f303xc.o [1]
  .text               ro code  0x080045e0     0x4  startup_stm32f303xc.o [1]
  .text               ro code  0x080045e4     0x4  startup_stm32f303xc.o [1]
  .text               ro code  0x080045e8     0x4  startup_stm32f303xc.o [1]
  .text               ro code  0x080045ec     0x4  startup_stm32f303xc.o [1]
  .text               ro code  0x080045f0     0x4  startup_stm32f303xc.o [1]
  .text               ro code  0x080045f4     0x4  startup_stm32f303xc.o [1]
  .text               ro code  0x080045f8     0x4  startup_stm32f303xc.o [1]
  .text               ro code  0x080045fc     0x4  startup_stm32f303xc.o [1]
  .text               ro code  0x08004600     0x4  startup_stm32f303xc.o [1]
  .text               ro code  0x08004604     0x4  startup_stm32f303xc.o [1]
  .text               ro code  0x08004608     0x4  startup_stm32f303xc.o [1]
  .text               ro code  0x0800460c     0x4  startup_stm32f303xc.o [1]
  .text               ro code  0x08004610     0x4  startup_stm32f303xc.o [1]
  .text               ro code  0x08004614     0x4  startup_stm32f303xc.o [1]
  .text               ro code  0x08004618     0x4  startup_stm32f303xc.o [1]
  .text               ro code  0x0800461c     0x4  startup_stm32f303xc.o [1]
  .text               ro code  0x08004620     0x4  startup_stm32f303xc.o [1]
  .text               ro code  0x08004624     0x4  startup_stm32f303xc.o [1]
  .text               ro code  0x08004628     0x4  startup_stm32f303xc.o [1]
  .text               ro code  0x0800462c     0x4  startup_stm32f303xc.o [1]
  .text               ro code  0x08004630     0x4  startup_stm32f303xc.o [1]
  .text               ro code  0x08004634     0x4  startup_stm32f303xc.o [1]
  .text               ro code  0x08004638     0x4  startup_stm32f303xc.o [1]
  .text               ro code  0x0800463c     0x4  startup_stm32f303xc.o [1]
  .text               ro code  0x08004640     0x4  startup_stm32f303xc.o [1]
  .text               ro code  0x08004644     0x4  startup_stm32f303xc.o [1]
  .text               ro code  0x08004648     0x4  startup_stm32f303xc.o [1]
  .text               ro code  0x0800464c     0x4  startup_stm32f303xc.o [1]
  .text               ro code  0x08004650     0x4  startup_stm32f303xc.o [1]
  .text               ro code  0x08004654     0x4  startup_stm32f303xc.o [1]
  .text               ro code  0x08004658     0x4  startup_stm32f303xc.o [1]
  .text               ro code  0x0800465c     0x4  startup_stm32f303xc.o [1]
  .text               ro code  0x08004660     0x4  startup_stm32f303xc.o [1]
  .text               ro code  0x08004664     0x4  startup_stm32f303xc.o [1]
  .text               ro code  0x08004668     0x4  startup_stm32f303xc.o [1]
  .text               ro code  0x0800466c     0x4  startup_stm32f303xc.o [1]
  .text               ro code  0x08004670     0x4  startup_stm32f303xc.o [1]
  .text               ro code  0x08004674     0x4  startup_stm32f303xc.o [1]
  .text               ro code  0x08004678     0x4  startup_stm32f303xc.o [1]
  .text               ro code  0x0800467c     0x4  startup_stm32f303xc.o [1]
  .text               ro code  0x08004680     0x4  startup_stm32f303xc.o [1]
  .text               ro code  0x08004684     0x4  startup_stm32f303xc.o [1]
  .text               ro code  0x08004688     0x4  startup_stm32f303xc.o [1]
  .text               ro code  0x0800468c     0x4  startup_stm32f303xc.o [1]
  .text               ro code  0x08004690     0x4  startup_stm32f303xc.o [1]
  .text               ro code  0x08004694     0x4  startup_stm32f303xc.o [1]
  .text               ro code  0x08004698     0x4  startup_stm32f303xc.o [1]
  .text               ro code  0x0800469c     0x4  startup_stm32f303xc.o [1]
  .text               ro code  0x080046a0     0x4  startup_stm32f303xc.o [1]
  .text               ro code  0x080046a4     0x4  startup_stm32f303xc.o [1]
  .text               ro code  0x080046a8     0x4  startup_stm32f303xc.o [1]
  .text               ro code  0x080046ac     0x4  startup_stm32f303xc.o [1]
  .text               ro code  0x080046b0     0x4  startup_stm32f303xc.o [1]
  .text               ro code  0x080046b4     0x4  startup_stm32f303xc.o [1]
  .text               ro code  0x080046b8     0x4  startup_stm32f303xc.o [1]
  .text               ro code  0x080046bc     0x4  startup_stm32f303xc.o [1]
  .text               ro code  0x080046c0     0x4  startup_stm32f303xc.o [1]
  .rodata             const    0x080046c4     0x0  zero_init3.o [5]
  .rodata             const    0x080046c4     0x0  packbits_init_single.o [5]
  Initializer bytes   const    0x080046c4    0x30  <for P2-1>
                             - 0x080046f4  0x456c

"P2", part 1 of 3:                          0x124
  P2-1                         0x20000000   0x124  <Init block>
    .data             inited   0x20000000    0x20  stm32f3_discovery.o [1]
    .data             inited   0x20000020     0x4  system_stm32f3xx.o [1]
    __DLIB_PERTHREAD  inited   0x20000024    0x88  localeconv.o [3]
    __DLIB_PERTHREAD  inited   0x200000ac    0x74  setlocale.o [3]
    __DLIB_PERTHREAD  inited   0x20000120     0x4  errno.o [3]
                             - 0x20000124   0x124

"P2", part 2 of 3:                          0x400
  CSTACK                       0x20000128   0x400  <Block>
    CSTACK            uninit   0x20000128   0x400  <Block tail>
                             - 0x20000528   0x400

"P2", part 3 of 3:                           0xd4
  .bss                zero     0x20000528    0x70  usart.o [1]
  .bss                zero     0x20000598    0x3c  tim.o [1]
  .bss                zero     0x200005d4    0x24  main.o [1]
  .bss                zero     0x200005f8     0x4  stm32f3xx_hal.o [1]
                             - 0x200005fc    0xd4


*******************************************************************************
*** INIT TABLE
***

          Address     Size
          -------     ----
Zero (__iar_zero_init3)
    1 destination range, total size 0xd4:
          0x20000528   0xd4

Copy/packbits (__iar_packbits_init_single3)
    1 source range, total size 0x30 (16% of destination):
          0x080046c4   0x30
    1 destination range, total size 0x124:
          0x20000000  0x124



*******************************************************************************
*** MODULE SUMMARY
***

    Module                   ro code  ro data  rw data
    ------                   -------  -------  -------
C:\Users\windwos\Desktop\newTurtle\Turtle\EWARM\Turtle Configuration\Obj: [1]
    gpio.o                       326
    main.o                       592                36
    startup_stm32f303xc.o        700
    stm32f3_discovery.o           60        5       32
    stm32f3xx_hal.o              116                 4
    stm32f3xx_hal_cortex.o       226
    stm32f3xx_hal_gpio.o         428
    stm32f3xx_hal_msp.o           48
    stm32f3xx_hal_rcc.o        1 380
    stm32f3xx_hal_rcc_ex.o       404
    stm32f3xx_hal_tim.o          940
    stm32f3xx_hal_tim_ex.o       562
    stm32f3xx_hal_uart.o       1 714
    stm32f3xx_hal_uart_ex.o        2
    stm32f3xx_it.o                24
    system_stm32f3xx.o           108                 4
    tim.o                        196                60
    turtle_functions.o           430
    usart.o                      152               112
    --------------------------------------------------
    Total:                     8 408        5      248

command line: [2]
    --------------------------------------------------
    Total:

dl7M_tlf.a: [3]
    errno.o                       12        1        4
    exit.o                         4
    isxxx.o                       40
    localeconv.o                 108       23      136
    low_level_init.o               4
    setlocale.o                   36       19      116
    sscanf.o                      36
    strncmp.o                     40
    tolower.o                     20
    xencoding_sb.o                96
    xlocale_c.o                   54
    xmbtowc.o                     32
    xscanffull.o               3 276
    xsscin.o                      30
    xstoflt.o                    440
    xstoll.o                     164
    xstopfx.o                    292
    xstoull.o                    432
    xstoxflt.o                   536
    xtls.o                         2
    xwctob.o                      64
    xwctomb.o                     26
    --------------------------------------------------
    Total:                     5 744       43      256

m7M_tls.a: [4]
    DblAdd.o                     232
    DblCmpEq.o                    32
    DblCmpLe.o                    46
    DblDiv.o                     598
    DblMul.o                     418
    DblSub.o                     364
    DblToFlt.o                   144
    I32ToDbl.o                    44
    fpinit_M.o                    34
    xdnorm.o                      66
    xdscale.o                    276
    xdtento.o                    512
    xdunscal.o                    82
    xstold.o                     360
    --------------------------------------------------
    Total:                     3 208

rt7M_tl.a: [5]
    ABImemclr4.o                   6
    ABImemset48.o                 50
    I64DivMod.o                  238
    I64DivZer.o                    2
    cexit.o                       10
    cmain.o                       26
    cstartup_M.o                  12
    data_init.o                   40
    memchr.o                      88
    packbits_init_single.o        56
    strchr.o                      22
    strlen.o                      54
    zero_init3.o                  64
    --------------------------------------------------
    Total:                       668

shb_l.a: [6]
    exit.o                        20
    --------------------------------------------------
    Total:                        20

    Gaps                          34        2
    Linker created                         32    1 024
------------------------------------------------------
    Grand Total:              18 082       82    1 528


*******************************************************************************
*** ENTRY LIST
***

Entry                      Address   Size  Type      Object
-----                      -------   ----  ----      ------
.iar.init_table$$Base   0x08004508          --   Gb  - Linker created -
.iar.init_table$$Limit  0x08004528          --   Gb  - Linker created -
?main                   0x08004529         Code  Gb  cmain.o [5]
BLINK_LED               0x080037d7    0x6  Code  Gb  turtle_functions.o [1]
BSP_LED_Off             0x08003f85   0x14  Code  Gb  stm32f3_discovery.o [1]
BSP_LED_On              0x08003f71   0x14  Code  Gb  stm32f3_discovery.o [1]
Buffer                  0x200005d5    0x1  Data  Gb  main.o [1]
CSTACK$$Base            0x20000128          --   Gb  - Linker created -
CSTACK$$Limit           0x20000528          --   Gb  - Linker created -
HAL_Delay               0x08003285   0x18  Code  Wk  stm32f3xx_hal.o [1]
HAL_GPIO_Init           0x080034f5  0x186  Code  Gb  stm32f3xx_hal_gpio.o [1]
HAL_GPIO_WritePin       0x0800367b    0xa  Code  Gb  stm32f3xx_hal_gpio.o [1]
HAL_GetTick             0x0800327f    0x6  Code  Wk  stm32f3xx_hal.o [1]
HAL_IncTick             0x08003275    0xa  Code  Wk  stm32f3xx_hal.o [1]
HAL_Init                0x08003231   0x20  Code  Gb  stm32f3xx_hal.o [1]
HAL_InitTick            0x08003251   0x24  Code  Wk  stm32f3xx_hal.o [1]
HAL_MspInit             0x08003785   0x30  Code  Gb  stm32f3xx_hal_msp.o [1]
HAL_NVIC_EnableIRQ      0x0800370f    0xc  Code  Gb  stm32f3xx_hal_cortex.o [1]
HAL_NVIC_SetPriority    0x080036d5   0x3a  Code  Gb  stm32f3xx_hal_cortex.o [1]
HAL_NVIC_SetPriorityGrouping
                        0x080036bb   0x1a  Code  Gb  stm32f3xx_hal_cortex.o [1]
HAL_RCCEx_PeriphCLKConfig
                        0x08003fdd  0x186  Code  Gb  stm32f3xx_hal_rcc_ex.o [1]
HAL_RCC_ClockConfig     0x08002fd1  0x14c  Code  Gb  stm32f3xx_hal_rcc.o [1]
HAL_RCC_GetHCLKFreq     0x08003191   0x1e  Code  Gb  stm32f3xx_hal_rcc.o [1]
HAL_RCC_GetPCLK1Freq    0x080031af   0x10  Code  Gb  stm32f3xx_hal_rcc.o [1]
HAL_RCC_GetPCLK2Freq    0x080031bf    0xe  Code  Gb  stm32f3xx_hal_rcc.o [1]
HAL_RCC_GetSysClockFreq
                        0x08003157   0x3a  Code  Gb  stm32f3xx_hal_rcc.o [1]
HAL_RCC_OscConfig       0x08002ccd  0x2d2  Code  Gb  stm32f3xx_hal_rcc.o [1]
HAL_SYSTICK_CLKSourceConfig
                        0x0800374b   0x14  Code  Gb  stm32f3xx_hal_cortex.o [1]
HAL_SYSTICK_Callback    0x08003781    0x2  Code  Wk  stm32f3xx_hal_cortex.o [1]
HAL_SYSTICK_Config      0x08003723   0x28  Code  Gb  stm32f3xx_hal_cortex.o [1]
HAL_SYSTICK_IRQHandler  0x08003779    0x8  Code  Gb  stm32f3xx_hal_cortex.o [1]
HAL_TIMEx_MasterConfigSynchronization
                        0x08004291   0x4c  Code  Gb  stm32f3xx_hal_tim_ex.o [1]
HAL_TIM_PWM_ConfigChannel
                        0x08004171  0x108  Code  Gb  stm32f3xx_hal_tim_ex.o [1]
HAL_TIM_PWM_Init        0x08003bd9   0x1a  Code  Gb  stm32f3xx_hal_tim.o [1]
HAL_TIM_PWM_MspInit     0x08003b1f   0x42  Code  Gb  tim.o [1]
HAL_TIM_PWM_Start       0x08003bfb   0x2e  Code  Gb  stm32f3xx_hal_tim.o [1]
HAL_TIM_PWM_Stop        0x08003c33   0x48  Code  Gb  stm32f3xx_hal_tim.o [1]
HAL_UARTEx_WakeupCallback
                        0x08002cc9    0x2  Code  Wk  stm32f3xx_hal_uart_ex.o [1]
HAL_UART_ErrorCallback  0x080027cb    0x2  Code  Wk  stm32f3xx_hal_uart.o [1]
HAL_UART_IRQHandler     0x080026d5   0xf6  Code  Gb  stm32f3xx_hal_uart.o [1]
HAL_UART_Init           0x0800257d   0x34  Code  Gb  stm32f3xx_hal_uart.o [1]
HAL_UART_MspInit        0x08002c57   0x58  Code  Gb  usart.o [1]
HAL_UART_Receive_IT     0x08002649   0x86  Code  Gb  stm32f3xx_hal_uart.o [1]
HAL_UART_RxCpltCallback
                        0x080032b3    0x8  Code  Gb  main.o [1]
HAL_UART_Transmit_IT    0x080025f9   0x50  Code  Gb  stm32f3xx_hal_uart.o [1]
HAL_UART_TxCpltCallback
                        0x080032a5    0xe  Code  Gb  main.o [1]
LED_PIN                 0x08003f9c   0x10  Data  Gb  stm32f3_discovery.o [1]
LED_PORT                0x20000000   0x20  Data  Gb  stm32f3_discovery.o [1]
MX_GPIO_Init            0x08003965   0xfa  Code  Gb  gpio.o [1]
MX_TIM4_Init_Down       0x08003aad   0x1c  Code  Gb  tim.o [1]
MX_TIM4_Init_Up         0x08003ac9   0x1a  Code  Gb  tim.o [1]
MX_USART3_UART_Init     0x08002c31   0x26  Code  Gb  usart.o [1]
NVIC_SetPriority        0x080036a1   0x1a  Code  Lc  stm32f3xx_hal_cortex.o [1]
PEN_DOWN                0x080037eb    0x6  Code  Gb  turtle_functions.o [1]
PEN_UP                  0x080037e3    0x8  Code  Gb  turtle_functions.o [1]
PWM_Start               0x080037b5    0xc  Code  Gb  turtle_functions.o [1]
PWM_Stop                0x080037c1    0xa  Code  Gb  turtle_functions.o [1]
Region$$Table$$Base     0x08004508          --   Gb  - Linker created -
Region$$Table$$Limit    0x08004528          --   Gb  - Linker created -
SysTick_Handler         0x0800456d    0xe  Code  Gb  stm32f3xx_it.o [1]
SystemClock_Config      0x080038ed   0x76  Code  Gb  turtle_functions.o [1]
SystemCoreClock         0x20000020    0x4  Data  Gb  system_stm32f3xx.o [1]
SystemInit              0x080043d9   0x52  Code  Gb  system_stm32f3xx.o [1]
TIM_Base_SetConfig      0x08003cf7   0x88  Code  Gb  stm32f3xx_hal_tim.o [1]
TIM_CCxChannelCmd       0x08003f59   0x18  Code  Gb  stm32f3xx_hal_tim.o [1]
TIM_OC1_SetConfig       0x08003d7f   0x7e  Code  Gb  stm32f3xx_hal_tim.o [1]
TIM_OC2_SetConfig       0x08003dfd   0x72  Code  Gb  stm32f3xx_hal_tim.o [1]
TIM_OC3_SetConfig       0x08003e6f   0x68  Code  Gb  stm32f3xx_hal_tim.o [1]
TIM_OC4_SetConfig       0x08003ed7   0x4e  Code  Gb  stm32f3xx_hal_tim.o [1]
TIM_OC5_SetConfig       0x080042dd   0x4c  Code  Lc  stm32f3xx_hal_tim_ex.o [1]
TIM_OC6_SetConfig       0x08004329   0x4e  Code  Lc  stm32f3xx_hal_tim_ex.o [1]
Transmit_Data           0x08003803   0x18  Code  Gb  turtle_functions.o [1]
UART_AdvFeatureConfig   0x0800297d   0xc6  Code  Gb  stm32f3xx_hal_uart.o [1]
UART_CheckIdleState     0x08002a43   0x4a  Code  Gb  stm32f3xx_hal_uart.o [1]
UART_EndTransmit_IT     0x08002b87   0x24  Code  Gb  stm32f3xx_hal_uart.o [1]
UART_Receive_IT         0x08002bab   0x84  Code  Gb  stm32f3xx_hal_uart.o [1]
UART_SetConfig          0x080027cd  0x18a  Code  Gb  stm32f3xx_hal_uart.o [1]
UART_Transmit_IT        0x08002b21   0x66  Code  Gb  stm32f3xx_hal_uart.o [1]
UART_WaitOnFlagUntilTimeout
                        0x08002a8d   0x94  Code  Gb  stm32f3xx_hal_uart.o [1]
UNBLINK_LED             0x080037dd    0x6  Code  Gb  turtle_functions.o [1]
USART3_IRQHandler       0x0800457b    0x6  Code  Gb  stm32f3xx_it.o [1]
UartReady               0x200005d4    0x1  Data  Gb  main.o [1]
_EncodingSb_Mbtowc      0x080015ab   0x30  Code  Gb  xencoding_sb.o [3]
_EncodingSb_Wctomb      0x08001591   0x1a  Code  Gb  xencoding_sb.o [3]
_GetN                   0x08000189   0x22  Code  Lc  xscanffull.o [3]
_GetfldFull             0x080003ad  0x102  Code  Lc  xscanffull.o [3]
_GetfloatFull           0x08000953  0x4da  Code  Lc  xscanffull.o [3]
_GetintFull             0x08000765  0x1e8  Code  Lc  xscanffull.o [3]
_GetstrFull             0x080004b1  0x2ae  Code  Lc  xscanffull.o [3]
_IsdstStr               0x200000b0    0x4  Data  Gb  setlocale.o [3]
_LocaleC_isalpha        0x0800160b   0x16  Code  Gb  xlocale_c.o [3]
_LocaleC_isspace        0x08001621   0x14  Code  Gb  xlocale_c.o [3]
_LocaleC_tolower        0x08002135    0xc  Code  Gb  xlocale_c.o [3]
_LocaleEncoding         0x0800157f    0xe  Code  Gb  setlocale.o [3]
_LocaleForCat           0x0800156d   0x12  Code  Gb  setlocale.o [3]
_LocaleReturnString     0x200000d0   0x50  Data  Lc  setlocale.o [3]
_Locale_Profile         0x200000b4   0x1c  Data  Gb  setlocale.o [3]
_Locale_aeabi_lconv     0x20000074   0x38  Data  Gb  localeconv.o [3]
_Locale_lconv           0x20000024   0x50  Data  Gb  localeconv.o [3]
_Mbtowc                 0x08000e55   0x20  Code  Gb  xmbtowc.o [3]
_SScin                  0x08000ef3   0x1e  Code  Gb  xsscin.o [3]
_ScanfFull              0x080001c5  0x1e2  Code  Gb  xscanffull.o [3]
_Stoflt                 0x08001869  0x1b8  Code  Gb  xstoflt.o [3]
_Stopfx                 0x08001743  0x124  Code  Gb  xstopfx.o [3]
_Stoxflt                0x08001ed9  0x1e2  Code  Gb  xstoxflt.o [3]
_TzoneStr               0x200000ac    0x4  Data  Gb  setlocale.o [3]
_UngetN                 0x080001ab   0x1a  Code  Lc  xscanffull.o [3]
_Wctomb                 0x080015f1   0x1a  Code  Gb  xwctomb.o [3]
__aeabi_cdcmpeq         0x080022b1         Code  Gb  DblCmpEq.o [4]
__aeabi_cdcmple         0x08003fad         Code  Gb  DblCmpLe.o [4]
__aeabi_d2f             0x080014dd         Code  Gb  DblToFlt.o [4]
__aeabi_dadd            0x08001bf1         Code  Gb  DblAdd.o [4]
__aeabi_ddiv            0x08002325         Code  Gb  DblDiv.o [4]
__aeabi_dmul            0x08001a4d         Code  Gb  DblMul.o [4]
__aeabi_errno_addr      0x08001635    0x6  Code  Gb  errno.o [3]
__aeabi_i2d             0x08001a21         Code  Gb  I32ToDbl.o [4]
__aeabi_ldiv0           0x08002141         Code  Gb  I64DivZer.o [5]
__aeabi_memclr4         0x08003b71         Code  Gb  ABImemclr4.o [5]
__aeabi_uldivmod        0x08001655         Code  Gb  I64DivMod.o [5]
__cmain                 0x08004529         Code  Gb  cmain.o [5]
__exit                  0x08004559   0x14  Code  Gb  exit.o [6]
__iar_Dnorm             0x080020f3   0x42  Code  Gb  xdnorm.o [4]
__iar_Dscale            0x080013c9  0x114  Code  Gb  xdscale.o [4]
__iar_Dtentox           0x08001d35  0x13e  Code  Gb  xdtento.o [4]
__iar_Dunscale          0x080022d1   0x52  Code  Gb  xdunscal.o [4]
__iar_Errno             0x20000120    0x4  Data  Gb  errno.o [3]
__iar_Locale_lconv_init
                        0x0800135d   0x3a  Code  Gb  localeconv.o [3]
__iar_Memchr            0x08000f11         Code  Gb  memchr.o [5]
__iar_Memset4_word      0x080043a5         Code  Gb  ABImemset48.o [5]
__iar_Memset8_word      0x080043a5         Code  Gb  ABImemset48.o [5]
__iar_Stold             0x08001359    0x4  Code  Gb  xstold.o [4]
__iar_Stoldx            0x080011f5  0x14e  Code  Gb  xstold.o [4]
__iar_Stoll             0x0800103f    0x4  Code  Gb  xstoll.o [3]
__iar_Stollx            0x08000f9f   0xa0  Code  Gb  xstoll.o [3]
__iar_Stoull            0x080011a1    0x4  Code  Gb  xstoull.o [3]
__iar_Stoullx           0x08001045  0x156  Code  Gb  xstoull.o [3]
__iar_Strchr            0x08000edd         Code  Gb  strchr.o [5]
__iar_Wctob             0x08000e75   0x36  Code  Gb  xwctob.o [3]
__iar_dadd              0x08001c05         Code  Gb  DblAdd.o [4]
__iar_data_init3        0x080044bd   0x28  Code  Gb  data_init.o [5]
__iar_dlib_perthread_access
                        0x080020f1    0x2  Code  Gb  xtls.o [3]
__iar_dsub              0x08002145         Code  Gb  DblSub.o [4]
__iar_dsubStart         0x08002157         Code  Gb  DblSub.o [4]
__iar_init_vfp          0x080044e5         Code  Gb  fpinit_M.o [4]
__iar_packbits_init_single3
                        0x08004485   0x38  Code  Gb  packbits_init_single.o [5]
__iar_program_start     0x08004595         Code  Gb  cstartup_M.o [5]
__iar_ui2d              0x08001a35         Code  Gb  I32ToDbl.o [4]
__iar_zero_init3        0x08004445   0x40  Code  Gb  zero_init3.o [5]
__low_level_init        0x08004543    0x4  Code  Gb  low_level_init.o [3]
__vector_table          0x08000000         Data  Gb  startup_stm32f303xc.o [1]
_call_main              0x08004535         Code  Gb  cmain.o [5]
_exit                   0x0800454d         Code  Gb  cexit.o [5]
_main                   0x0800453f         Code  Gb  cmain.o [5]
aAPBAHBPrescTable       0x08003200   0x10  Data  Gb  stm32f3xx_hal_rcc.o [1]
aPLLMULFactorTable      0x08003210   0x10  Data  Gb  stm32f3xx_hal_rcc.o [1]
aPredivFactorTable      0x08003220   0x10  Data  Gb  stm32f3xx_hal_rcc.o [1]
digits                  0x080011a4   0x28  Data  Lc  xstoull.o [3]
dmul                    0x08001cd9   0x5a  Code  Lc  xdtento.o [4]
exit                    0x08004547    0x4  Code  Gb  exit.o [3]
finalBuffer             0x200005d8   0x18  Data  Gb  main.o [1]
forward                 0x0800381b   0x1c  Code  Gb  turtle_functions.o [1]
htim4                   0x20000598   0x3c  Data  Gb  tim.o [1]
huart3                  0x20000528   0x70  Data  Gb  usart.o [1]
i                       0x200005f0    0x4  Data  Gb  main.o [1]
isalpha                 0x08000eb5   0x14  Code  Gb  isxxx.o [3]
isspace                 0x08000ec9   0x14  Code  Gb  isxxx.o [3]
left                    0x08003837   0x16  Code  Gb  turtle_functions.o [1]
localeconv              0x08001397   0x16  Code  Gb  localeconv.o [3]
main                    0x080032bb  0x174  Code  Gb  main.o [1]
memchr                  0x08000f11         Code  Gb  memchr.o [5]
ndigs                   0x080011cc   0x28  Data  Lc  xstoull.o [3]
pows                    0x08001e90   0x48  Data  Lc  xdtento.o [4]
right                   0x080038b5   0x22  Code  Gb  turtle_functions.o [1]
sscanf                  0x08003b79   0x24  Code  Gb  sscanf.o [3]
strchr                  0x08000edd         Code  Gb  strchr.o [5]
strlen                  0x08000f69         Code  Gb  strlen.o [5]
strncmp                 0x08003b9d   0x28  Code  Gb  strncmp.o [3]
tolower                 0x08001641   0x14  Code  Gb  tolower.o [3]
units                   0x200005f4    0x4  Data  Gb  main.o [1]
uwTick                  0x200005f8    0x4  Data  Lc  stm32f3xx_hal.o [1]


[1] = C:\Users\windwos\Desktop\newTurtle\Turtle\EWARM\Turtle Configuration\Obj
[2] = command line
[3] = dl7M_tlf.a
[4] = m7M_tls.a
[5] = rt7M_tl.a
[6] = shb_l.a

  18 082 bytes of readonly  code memory
      82 bytes of readonly  data memory
   1 528 bytes of readwrite data memory

Errors: none
Warnings: none
