###############################################################################
#
# IAR ELF Linker V7.50.2.10312/W32 for ARM                04/Mar/2016  04:47:32
# Copyright 2007-2015 IAR Systems AB.
#
#    Output file  =  
#        C:\Users\windwos\Desktop\newTurtle\Turtle\USART\Debug\Exe\USART.out
#    Map file     =  
#        C:\Users\windwos\Desktop\newTurtle\Turtle\USART\Debug\List\USART.map
#    Command line =  
#        C:\Users\windwos\Desktop\newTurtle\Turtle\USART\Debug\Obj\gpio.o
#        C:\Users\windwos\Desktop\newTurtle\Turtle\USART\Debug\Obj\main.o
#        C:\Users\windwos\Desktop\newTurtle\Turtle\USART\Debug\Obj\startup_stm32f303xc.o
#        C:\Users\windwos\Desktop\newTurtle\Turtle\USART\Debug\Obj\stm32f3_discovery.o
#        C:\Users\windwos\Desktop\newTurtle\Turtle\USART\Debug\Obj\stm32f3xx_hal.o
#        C:\Users\windwos\Desktop\newTurtle\Turtle\USART\Debug\Obj\stm32f3xx_hal_cortex.o
#        C:\Users\windwos\Desktop\newTurtle\Turtle\USART\Debug\Obj\stm32f3xx_hal_dma.o
#        C:\Users\windwos\Desktop\newTurtle\Turtle\USART\Debug\Obj\stm32f3xx_hal_flash.o
#        C:\Users\windwos\Desktop\newTurtle\Turtle\USART\Debug\Obj\stm32f3xx_hal_flash_ex.o
#        C:\Users\windwos\Desktop\newTurtle\Turtle\USART\Debug\Obj\stm32f3xx_hal_gpio.o
#        C:\Users\windwos\Desktop\newTurtle\Turtle\USART\Debug\Obj\stm32f3xx_hal_msp.o
#        C:\Users\windwos\Desktop\newTurtle\Turtle\USART\Debug\Obj\stm32f3xx_hal_pwr.o
#        C:\Users\windwos\Desktop\newTurtle\Turtle\USART\Debug\Obj\stm32f3xx_hal_pwr_ex.o
#        C:\Users\windwos\Desktop\newTurtle\Turtle\USART\Debug\Obj\stm32f3xx_hal_rcc.o
#        C:\Users\windwos\Desktop\newTurtle\Turtle\USART\Debug\Obj\stm32f3xx_hal_rcc_ex.o
#        C:\Users\windwos\Desktop\newTurtle\Turtle\USART\Debug\Obj\stm32f3xx_hal_tim.o
#        C:\Users\windwos\Desktop\newTurtle\Turtle\USART\Debug\Obj\stm32f3xx_hal_tim_ex.o
#        C:\Users\windwos\Desktop\newTurtle\Turtle\USART\Debug\Obj\stm32f3xx_hal_uart.o
#        C:\Users\windwos\Desktop\newTurtle\Turtle\USART\Debug\Obj\stm32f3xx_hal_uart_ex.o
#        C:\Users\windwos\Desktop\newTurtle\Turtle\USART\Debug\Obj\stm32f3xx_it.o
#        C:\Users\windwos\Desktop\newTurtle\Turtle\USART\Debug\Obj\system_stm32f3xx.o
#        C:\Users\windwos\Desktop\newTurtle\Turtle\USART\Debug\Obj\tim.o
#        C:\Users\windwos\Desktop\newTurtle\Turtle\USART\Debug\Obj\turtle_functions.o
#        C:\Users\windwos\Desktop\newTurtle\Turtle\USART\Debug\Obj\usart.o
#        --redirect _Printf=_PrintfFull --redirect _Scanf=_ScanfFull -o
#        C:\Users\windwos\Desktop\newTurtle\Turtle\USART\Debug\Exe\USART.out
#        --map
#        C:\Users\windwos\Desktop\newTurtle\Turtle\USART\Debug\List\USART.map
#        --config
#        C:\Users\windwos\Desktop\newTurtle\Turtle\USART\stm32f303xc_flash.icf
#        --semihosting --entry __iar_program_start --vfe
#
###############################################################################

*******************************************************************************
*** RUNTIME MODEL ATTRIBUTES
***

CppFlavor                     = *
__SystemLibrary               = DLib
__dlib_dynamic_initialization = normal


*******************************************************************************
*** PLACEMENT SUMMARY
***

"A1":  place at 0x08000000 { ro section .intvec };
"P1":  place in [from 0x08000000 to 0x0803ffff] { ro };
"P2":  place in [from 0x20000000 to 0x20009fff] { rw, block CSTACK, block HEAP };

  Section             Kind        Address    Size  Object
  -------             ----        -------    ----  ------
"A1":                                       0x188
  .intvec             ro code  0x08000000   0x188  startup_stm32f303xc.o [1]
                             - 0x08000188   0x188

"P1":                                      0x543c
  .text               ro code  0x08000188   0xce4  stm32f3xx_hal_rcc.o [1]
  .text               ro code  0x08000e6c    0x78  stm32f3xx_hal.o [1]
  .text               ro code  0x08000ee4   0x14e  stm32f3xx_hal_cortex.o [1]
  .text               ro code  0x08001032    0x1e  xsscin.o [3]
  .text               ro code  0x08001050    0x34  stm32f3xx_hal_msp.o [1]
  .text               ro code  0x08001084   0xccc  xscanffull.o [3]
  .text               ro code  0x08001d50    0x20  xmbtowc.o [3]
  .text               ro code  0x08001d70    0x40  xwctob.o [3]
  .text               ro code  0x08001db0    0x28  isxxx.o [3]
  .text               ro code  0x08001dd8    0x16  strchr.o [5]
  .text               ro code  0x08001df0    0x58  memchr.o [5]
  .text               ro code  0x08001e48    0x36  strlen.o [5]
  .text               ro code  0x08001e7e    0xa4  xstoll.o [3]
  .text               ro code  0x08001f24   0x1b0  xstoull.o [3]
  .text               ro code  0x080020d4   0x168  xstold.o [4]
  .text               ro code  0x0800223c    0x6c  localeconv.o [3]
  .text               ro code  0x080022a8   0x114  xdscale.o [4]
  .text               ro code  0x080023bc    0x90  DblToFlt.o [4]
  .text               ro code  0x0800244c    0x24  setlocale.o [3]
  .text               ro code  0x08002470    0x60  xencoding_sb.o [3]
  .text               ro code  0x080024d0    0x1a  xwctomb.o [3]
  .text               ro code  0x080024ea    0x16  xlocale_c.o [3]
  .text               ro code  0x08002500    0x14  xlocale_c.o [3]
  .text               ro code  0x08002514     0xc  errno.o [3]
  .text               ro code  0x08002520    0x14  tolower.o [3]
  .text               ro code  0x08002534    0xee  I64DivMod.o [5]
  .text               ro code  0x08002622   0x124  xstopfx.o [3]
  .text               ro code  0x08002748   0x1b8  xstoflt.o [3]
  .text               ro code  0x08002900    0x2c  I32ToDbl.o [4]
  .text               ro code  0x0800292c   0x1a2  DblMul.o [4]
  .text               ro code  0x08002ad0    0xe8  DblAdd.o [4]
  .text               ro code  0x08002bb8   0x200  xdtento.o [4]
  .text               ro code  0x08002db8   0x218  xstoxflt.o [3]
  .text               ro code  0x08002fd0     0x2  xtls.o [3]
  .text               ro code  0x08002fd2    0x42  xdnorm.o [4]
  .text               ro code  0x08003014     0xc  xlocale_c.o [3]
  .text               ro code  0x08003020     0x2  I64DivZer.o [5]
  .text               ro code  0x08003024   0x16c  DblSub.o [4]
  .text               ro code  0x08003190    0x20  DblCmpEq.o [4]
  .text               ro code  0x080031b0    0x52  xdunscal.o [4]
  .text               ro code  0x08003204   0x256  DblDiv.o [4]
  .text               ro code  0x0800345c   0x884  stm32f3xx_hal_uart.o [1]
  .text               ro code  0x08003ce0    0xc0  usart.o [1]
  .text               ro code  0x08003da0     0x2  stm32f3xx_hal_uart_ex.o [1]
  .text               ro code  0x08003da4   0x258  main.o [1]
  .text               ro code  0x08003ffc   0x1e4  stm32f3xx_hal_gpio.o [1]
  .text               ro code  0x080041e0    0x66  ABImemset.o [5]
  .text               ro code  0x08004248   0x2a2  turtle_functions.o [1]
  .text               ro code  0x080044ec   0x17c  gpio.o [1]
  .text               ro code  0x08004668   0x10c  tim.o [1]
  .text               ro code  0x08004774    0x28  strncmp.o [3]
  .text               ro code  0x0800479c    0x24  sscanf.o [3]
  .text               ro code  0x080047c0    0x3c  stm32f3_discovery.o [1]
  .text               ro code  0x080047fc   0x44a  stm32f3xx_hal_tim.o [1]
  .text               ro code  0x08004c48    0x2e  DblCmpLe.o [4]
  .text               ro code  0x08004c78   0x290  stm32f3xx_hal_rcc_ex.o [1]
  .text               ro code  0x08004f08   0x298  stm32f3xx_hal_tim_ex.o [1]
  .text               ro code  0x080051a0    0x98  system_stm32f3xx.o [1]
  .text               ro code  0x08005238    0x40  zero_init3.o [5]
  .text               ro code  0x08005278    0x38  packbits_init_single.o [5]
  .text               ro code  0x080052b0    0x28  data_init.o [5]
  .text               ro code  0x080052d8    0x22  fpinit_M.o [4]
  .iar.init_table     const    0x080052fc    0x20  - Linker created -
  .text               ro code  0x0800531c    0x1c  stm32f3xx_it.o [1]
  .text               ro code  0x08005338    0x1a  cmain.o [5]
  .text               ro code  0x08005352     0x4  low_level_init.o [3]
  .text               ro code  0x08005356     0x4  exit.o [3]
  .text               ro code  0x0800535c     0xa  cexit.o [5]
  .text               ro code  0x08005368    0x14  exit.o [6]
  .rodata             const    0x0800537c    0x10  stm32f3_discovery.o [1]
  .rodata             const    0x0800538c    0x10  stm32f3xx_hal_rcc.o [1]
  .rodata             const    0x0800539c    0x10  stm32f3xx_hal_rcc.o [1]
  .rodata             const    0x080053ac    0x10  stm32f3xx_hal_rcc.o [1]
  .text               ro code  0x080053bc    0x10  startup_stm32f303xc.o [1]
  .rodata             const    0x080053cc     0xc  main.o [1]
  .rodata             const    0x080053d8     0xc  main.o [1]
  .rodata             const    0x080053e4     0xc  main.o [1]
  .rodata             const    0x080053f0     0xc  main.o [1]
  .rodata             const    0x080053fc     0xc  main.o [1]
  .rodata             const    0x08005408     0xc  main.o [1]
  .rodata             const    0x08005414     0xc  main.o [1]
  .rodata             const    0x08005420     0xc  main.o [1]
  .text               ro code  0x0800542c     0xc  cstartup_M.o [5]
  .rodata             const    0x08005438     0x8  main.o [1]
  .rodata             const    0x08005440     0x8  main.o [1]
  .rodata             const    0x08005448     0x8  main.o [1]
  .rodata             const    0x08005450     0x8  main.o [1]
  .rodata             const    0x08005458     0x8  main.o [1]
  .rodata             const    0x08005460     0x8  main.o [1]
  .rodata             const    0x08005468     0x8  main.o [1]
  .text               ro code  0x08005470     0x4  startup_stm32f303xc.o [1]
  .text               ro code  0x08005474     0x4  startup_stm32f303xc.o [1]
  .text               ro code  0x08005478     0x4  startup_stm32f303xc.o [1]
  .text               ro code  0x0800547c     0x4  startup_stm32f303xc.o [1]
  .text               ro code  0x08005480     0x4  startup_stm32f303xc.o [1]
  .text               ro code  0x08005484     0x4  startup_stm32f303xc.o [1]
  .text               ro code  0x08005488     0x4  startup_stm32f303xc.o [1]
  .text               ro code  0x0800548c     0x4  startup_stm32f303xc.o [1]
  .text               ro code  0x08005490     0x4  startup_stm32f303xc.o [1]
  .text               ro code  0x08005494     0x4  startup_stm32f303xc.o [1]
  .text               ro code  0x08005498     0x4  startup_stm32f303xc.o [1]
  .text               ro code  0x0800549c     0x4  startup_stm32f303xc.o [1]
  .text               ro code  0x080054a0     0x4  startup_stm32f303xc.o [1]
  .text               ro code  0x080054a4     0x4  startup_stm32f303xc.o [1]
  .text               ro code  0x080054a8     0x4  startup_stm32f303xc.o [1]
  .text               ro code  0x080054ac     0x4  startup_stm32f303xc.o [1]
  .text               ro code  0x080054b0     0x4  startup_stm32f303xc.o [1]
  .text               ro code  0x080054b4     0x4  startup_stm32f303xc.o [1]
  .text               ro code  0x080054b8     0x4  startup_stm32f303xc.o [1]
  .text               ro code  0x080054bc     0x4  startup_stm32f303xc.o [1]
  .text               ro code  0x080054c0     0x4  startup_stm32f303xc.o [1]
  .text               ro code  0x080054c4     0x4  startup_stm32f303xc.o [1]
  .text               ro code  0x080054c8     0x4  startup_stm32f303xc.o [1]
  .text               ro code  0x080054cc     0x4  startup_stm32f303xc.o [1]
  .text               ro code  0x080054d0     0x4  startup_stm32f303xc.o [1]
  .text               ro code  0x080054d4     0x4  startup_stm32f303xc.o [1]
  .text               ro code  0x080054d8     0x4  startup_stm32f303xc.o [1]
  .text               ro code  0x080054dc     0x4  startup_stm32f303xc.o [1]
  .text               ro code  0x080054e0     0x4  startup_stm32f303xc.o [1]
  .text               ro code  0x080054e4     0x4  startup_stm32f303xc.o [1]
  .text               ro code  0x080054e8     0x4  startup_stm32f303xc.o [1]
  .text               ro code  0x080054ec     0x4  startup_stm32f303xc.o [1]
  .text               ro code  0x080054f0     0x4  startup_stm32f303xc.o [1]
  .text               ro code  0x080054f4     0x4  startup_stm32f303xc.o [1]
  .text               ro code  0x080054f8     0x4  startup_stm32f303xc.o [1]
  .text               ro code  0x080054fc     0x4  startup_stm32f303xc.o [1]
  .text               ro code  0x08005500     0x4  startup_stm32f303xc.o [1]
  .text               ro code  0x08005504     0x4  startup_stm32f303xc.o [1]
  .text               ro code  0x08005508     0x4  startup_stm32f303xc.o [1]
  .text               ro code  0x0800550c     0x4  startup_stm32f303xc.o [1]
  .text               ro code  0x08005510     0x4  startup_stm32f303xc.o [1]
  .text               ro code  0x08005514     0x4  startup_stm32f303xc.o [1]
  .text               ro code  0x08005518     0x4  startup_stm32f303xc.o [1]
  .text               ro code  0x0800551c     0x4  startup_stm32f303xc.o [1]
  .text               ro code  0x08005520     0x4  startup_stm32f303xc.o [1]
  .text               ro code  0x08005524     0x4  startup_stm32f303xc.o [1]
  .text               ro code  0x08005528     0x4  startup_stm32f303xc.o [1]
  .text               ro code  0x0800552c     0x4  startup_stm32f303xc.o [1]
  .text               ro code  0x08005530     0x4  startup_stm32f303xc.o [1]
  .text               ro code  0x08005534     0x4  startup_stm32f303xc.o [1]
  .text               ro code  0x08005538     0x4  startup_stm32f303xc.o [1]
  .text               ro code  0x0800553c     0x4  startup_stm32f303xc.o [1]
  .text               ro code  0x08005540     0x4  startup_stm32f303xc.o [1]
  .text               ro code  0x08005544     0x4  startup_stm32f303xc.o [1]
  .text               ro code  0x08005548     0x4  startup_stm32f303xc.o [1]
  .text               ro code  0x0800554c     0x4  startup_stm32f303xc.o [1]
  .text               ro code  0x08005550     0x4  startup_stm32f303xc.o [1]
  .text               ro code  0x08005554     0x4  startup_stm32f303xc.o [1]
  .text               ro code  0x08005558     0x4  startup_stm32f303xc.o [1]
  .text               ro code  0x0800555c     0x4  startup_stm32f303xc.o [1]
  .text               ro code  0x08005560     0x4  startup_stm32f303xc.o [1]
  .text               ro code  0x08005564     0x4  startup_stm32f303xc.o [1]
  .text               ro code  0x08005568     0x4  startup_stm32f303xc.o [1]
  .text               ro code  0x0800556c     0x4  startup_stm32f303xc.o [1]
  .text               ro code  0x08005570     0x4  startup_stm32f303xc.o [1]
  .text               ro code  0x08005574     0x4  startup_stm32f303xc.o [1]
  .text               ro code  0x08005578     0x4  startup_stm32f303xc.o [1]
  .text               ro code  0x0800557c     0x4  startup_stm32f303xc.o [1]
  .text               ro code  0x08005580     0x4  startup_stm32f303xc.o [1]
  .text               ro code  0x08005584     0x4  startup_stm32f303xc.o [1]
  .text               ro code  0x08005588     0x4  startup_stm32f303xc.o [1]
  .text               ro code  0x0800558c     0x4  startup_stm32f303xc.o [1]
  .text               ro code  0x08005590     0x4  startup_stm32f303xc.o [1]
  .rodata             const    0x08005594     0x0  zero_init3.o [5]
  .rodata             const    0x08005594     0x0  packbits_init_single.o [5]
  Initializer bytes   const    0x08005594    0x30  <for P2-1>
                             - 0x080055c4  0x543c

"P2", part 1 of 3:                          0x124
  P2-1                         0x20000000   0x124  <Init block>
    .data             inited   0x20000000    0x20  stm32f3_discovery.o [1]
    .data             inited   0x20000020     0x4  system_stm32f3xx.o [1]
    __DLIB_PERTHREAD  inited   0x20000024    0x88  localeconv.o [3]
    __DLIB_PERTHREAD  inited   0x200000ac    0x74  setlocale.o [3]
    __DLIB_PERTHREAD  inited   0x20000120     0x4  errno.o [3]
                             - 0x20000124   0x124

"P2", part 2 of 3:                          0x400
  CSTACK                       0x20000128   0x400  <Block>
    CSTACK            uninit   0x20000128   0x400  <Block tail>
                             - 0x20000528   0x400

"P2", part 3 of 3:                           0xd4
  .bss                zero     0x20000528    0x70  usart.o [1]
  .bss                zero     0x20000598    0x3c  tim.o [1]
  .bss                zero     0x200005d4    0x18  main.o [1]
  .bss                zero     0x200005ec     0x4  main.o [1]
  .bss                zero     0x200005f0     0x4  main.o [1]
  .bss                zero     0x200005f4     0x4  stm32f3xx_hal.o [1]
  .bss                zero     0x200005f8     0x1  main.o [1]
  .bss                zero     0x200005f9     0x1  main.o [1]
                             - 0x200005fa    0xd2


*******************************************************************************
*** INIT TABLE
***

          Address     Size
          -------     ----
Zero (__iar_zero_init3)
    1 destination range, total size 0xd2:
          0x20000528   0xd2

Copy/packbits (__iar_packbits_init_single3)
    1 source range, total size 0x30 (16% of destination):
          0x08005594   0x30
    1 destination range, total size 0x124:
          0x20000000  0x124



*******************************************************************************
*** MODULE SUMMARY
***

    Module                   ro code  ro data  rw data
    ------                   -------  -------  -------
C:\Users\windwos\Desktop\newTurtle\Turtle\USART\Debug\Obj: [1]
    gpio.o                       380
    main.o                       600      152       34
    startup_stm32f303xc.o        700
    stm32f3_discovery.o           60       21       32
    stm32f3xx_hal.o              120                 4
    stm32f3xx_hal_cortex.o       334
    stm32f3xx_hal_gpio.o         484
    stm32f3xx_hal_msp.o           52
    stm32f3xx_hal_rcc.o        3 300       48
    stm32f3xx_hal_rcc_ex.o       656
    stm32f3xx_hal_tim.o        1 098
    stm32f3xx_hal_tim_ex.o       664
    stm32f3xx_hal_uart.o       2 180
    stm32f3xx_hal_uart_ex.o        2
    stm32f3xx_it.o                28
    system_stm32f3xx.o           152                 4
    tim.o                        268                60
    turtle_functions.o           674
    usart.o                      192               112
    --------------------------------------------------
    Total:                    11 944      221      246

command line: [2]
    --------------------------------------------------
    Total:

dl7M_tlf.a: [3]
    errno.o                       12        1        4
    exit.o                         4
    isxxx.o                       40
    localeconv.o                 108       23      136
    low_level_init.o               4
    setlocale.o                   36       19      116
    sscanf.o                      36
    strncmp.o                     40
    tolower.o                     20
    xencoding_sb.o                96
    xlocale_c.o                   54
    xmbtowc.o                     32
    xscanffull.o               3 276
    xsscin.o                      30
    xstoflt.o                    440
    xstoll.o                     164
    xstopfx.o                    292
    xstoull.o                    432
    xstoxflt.o                   536
    xtls.o                         2
    xwctob.o                      64
    xwctomb.o                     26
    --------------------------------------------------
    Total:                     5 744       43      256

m7M_tls.a: [4]
    DblAdd.o                     232
    DblCmpEq.o                    32
    DblCmpLe.o                    46
    DblDiv.o                     598
    DblMul.o                     418
    DblSub.o                     364
    DblToFlt.o                   144
    I32ToDbl.o                    44
    fpinit_M.o                    34
    xdnorm.o                      66
    xdscale.o                    276
    xdtento.o                    512
    xdunscal.o                    82
    xstold.o                     360
    --------------------------------------------------
    Total:                     3 208

rt7M_tl.a: [5]
    ABImemset.o                  102
    I64DivMod.o                  238
    I64DivZer.o                    2
    cexit.o                       10
    cmain.o                       26
    cstartup_M.o                  12
    data_init.o                   40
    memchr.o                      88
    packbits_init_single.o        56
    strchr.o                      22
    strlen.o                      54
    zero_init3.o                  64
    --------------------------------------------------
    Total:                       714

shb_l.a: [6]
    exit.o                        20
    --------------------------------------------------
    Total:                        20

    Gaps                          28        2
    Linker created                         32    1 024
------------------------------------------------------
    Grand Total:              21 658      298    1 526


*******************************************************************************
*** ENTRY LIST
***

Entry                      Address   Size  Type      Object
-----                      -------   ----  ----      ------
.iar.init_table$$Base   0x080052fc          --   Gb  - Linker created -
.iar.init_table$$Limit  0x0800531c          --   Gb  - Linker created -
?main                   0x08005339         Code  Gb  cmain.o [5]
BLINK_LED               0x08004285    0xa  Code  Gb  turtle_functions.o [1]
BSP_LED_Off             0x080047db   0x1a  Code  Gb  stm32f3_discovery.o [1]
BSP_LED_On              0x080047c1   0x1a  Code  Gb  stm32f3_discovery.o [1]
Buffer                  0x200005f9    0x1  Data  Gb  main.o [1]
CSTACK$$Base            0x20000128          --   Gb  - Linker created -
CSTACK$$Limit           0x20000528          --   Gb  - Linker created -
Error_Handler           0x08004253    0xa  Code  Lc  turtle_functions.o [1]
HAL_Delay               0x08000ec5   0x18  Code  Wk  stm32f3xx_hal.o [1]
HAL_GPIO_Init           0x08003ffd  0x1a8  Code  Gb  stm32f3xx_hal_gpio.o [1]
HAL_GPIO_WritePin       0x080041a5   0x12  Code  Gb  stm32f3xx_hal_gpio.o [1]
HAL_GetTick             0x08000ebf    0x6  Code  Wk  stm32f3xx_hal.o [1]
HAL_IncTick             0x08000eb3    0xc  Code  Wk  stm32f3xx_hal.o [1]
HAL_Init                0x08000e6d   0x22  Code  Gb  stm32f3xx_hal.o [1]
HAL_InitTick            0x08000e8f   0x24  Code  Wk  stm32f3xx_hal.o [1]
HAL_MspInit             0x08001051   0x34  Code  Gb  stm32f3xx_hal_msp.o [1]
HAL_NVIC_EnableIRQ      0x08000fd7    0xa  Code  Gb  stm32f3xx_hal_cortex.o [1]
HAL_NVIC_SetPriority    0x08000fb5   0x22  Code  Gb  stm32f3xx_hal_cortex.o [1]
HAL_NVIC_SetPriorityGrouping
                        0x08000fad    0x8  Code  Gb  stm32f3xx_hal_cortex.o [1]
HAL_RCCEx_PeriphCLKConfig
                        0x08004c79  0x270  Code  Gb  stm32f3xx_hal_rcc_ex.o [1]
HAL_RCC_ClockConfig     0x080009bf  0x39a  Code  Gb  stm32f3xx_hal_rcc.o [1]
HAL_RCC_GetHCLKFreq     0x08000dc9   0x28  Code  Gb  stm32f3xx_hal_rcc.o [1]
HAL_RCC_GetPCLK1Freq    0x08000df5   0x20  Code  Gb  stm32f3xx_hal_rcc.o [1]
HAL_RCC_GetPCLK2Freq    0x08000e15   0x20  Code  Gb  stm32f3xx_hal_rcc.o [1]
HAL_RCC_GetSysClockFreq
                        0x08000d59   0x66  Code  Gb  stm32f3xx_hal_rcc.o [1]
HAL_RCC_OscConfig       0x08000189  0x836  Code  Gb  stm32f3xx_hal_rcc.o [1]
HAL_SYSTICK_CLKSourceConfig
                        0x08000fe9   0x20  Code  Gb  stm32f3xx_hal_cortex.o [1]
HAL_SYSTICK_Callback    0x08001031    0x2  Code  Wk  stm32f3xx_hal_cortex.o [1]
HAL_SYSTICK_Config      0x08000fe1    0x8  Code  Gb  stm32f3xx_hal_cortex.o [1]
HAL_SYSTICK_IRQHandler  0x08001029    0x8  Code  Gb  stm32f3xx_hal_cortex.o [1]
HAL_TIMEx_MasterConfigSynchronization
                        0x0800506b   0x58  Code  Gb  stm32f3xx_hal_tim_ex.o [1]
HAL_TIM_PWM_ConfigChannel
                        0x08004f09  0x162  Code  Gb  stm32f3xx_hal_tim_ex.o [1]
HAL_TIM_PWM_Init        0x080047fd   0x38  Code  Gb  stm32f3xx_hal_tim.o [1]
HAL_TIM_PWM_MspInit     0x0800471d   0x46  Code  Gb  tim.o [1]
HAL_TIM_PWM_Start       0x08004835   0x66  Code  Gb  stm32f3xx_hal_tim.o [1]
HAL_TIM_PWM_Stop        0x0800489b   0x9c  Code  Gb  stm32f3xx_hal_tim.o [1]
HAL_UARTEx_WakeupCallback
                        0x08003da1    0x2  Code  Wk  stm32f3xx_hal_uart_ex.o [1]
HAL_UART_ErrorCallback  0x0800371d    0x2  Code  Wk  stm32f3xx_hal_uart.o [1]
HAL_UART_IRQHandler     0x08003609  0x114  Code  Gb  stm32f3xx_hal_uart.o [1]
HAL_UART_Init           0x0800345d   0x7e  Code  Gb  stm32f3xx_hal_uart.o [1]
HAL_UART_MspInit        0x08003d29   0x66  Code  Gb  usart.o [1]
HAL_UART_Receive_IT     0x08003549   0xc0  Code  Gb  stm32f3xx_hal_uart.o [1]
HAL_UART_RxCpltCallback
                        0x08003dbb    0x8  Code  Gb  main.o [1]
HAL_UART_Transmit_IT    0x080034db   0x6e  Code  Gb  stm32f3xx_hal_uart.o [1]
HAL_UART_TxCpltCallback
                        0x08003da5   0x16  Code  Gb  main.o [1]
LED_PIN                 0x0800537c   0x10  Data  Gb  stm32f3_discovery.o [1]
LED_PORT                0x20000000   0x20  Data  Gb  stm32f3_discovery.o [1]
MX_GPIO_Init            0x080044ed  0x17c  Code  Gb  gpio.o [1]
MX_TIM4_Init_Down       0x08004669   0x5a  Code  Gb  tim.o [1]
MX_TIM4_Init_Up         0x080046c3   0x5a  Code  Gb  tim.o [1]
MX_USART3_UART_Init     0x08003ce1   0x48  Code  Gb  usart.o [1]
NVIC_EnableIRQ          0x08000f0b   0x14  Code  Lc  stm32f3xx_hal_cortex.o [1]
NVIC_EncodePriority     0x08000f41   0x3e  Code  Lc  stm32f3xx_hal_cortex.o [1]
NVIC_GetPriorityGrouping
                        0x08000f01    0xa  Code  Lc  stm32f3xx_hal_cortex.o [1]
NVIC_SetPriority        0x08000f1f   0x22  Code  Lc  stm32f3xx_hal_cortex.o [1]
NVIC_SetPriorityGrouping
                        0x08000ee5   0x1c  Code  Lc  stm32f3xx_hal_cortex.o [1]
PEN_DOWN                0x080042b1   0x18  Code  Gb  turtle_functions.o [1]
PEN_UP                  0x08004299   0x18  Code  Gb  turtle_functions.o [1]
PWM_Error_Handler       0x08004249    0xa  Code  Lc  turtle_functions.o [1]
PWM_Start               0x0800425d   0x14  Code  Gb  turtle_functions.o [1]
PWM_Stop                0x08004271   0x14  Code  Gb  turtle_functions.o [1]
Region$$Table$$Base     0x080052fc          --   Gb  - Linker created -
Region$$Table$$Limit    0x0800531c          --   Gb  - Linker created -
SysTick_Config          0x08000f7f   0x2e  Code  Lc  stm32f3xx_hal_cortex.o [1]
SysTick_Handler         0x0800531d    0xc  Code  Gb  stm32f3xx_it.o [1]
SystemClock_Config      0x08004471   0x7a  Code  Gb  turtle_functions.o [1]
SystemCoreClock         0x20000020    0x4  Data  Gb  system_stm32f3xx.o [1]
SystemInit              0x080051a1   0x70  Code  Gb  system_stm32f3xx.o [1]
TIM_Base_SetConfig      0x0800494d   0xb4  Code  Gb  stm32f3xx_hal_tim.o [1]
TIM_CCxChannelCmd       0x08004c29   0x1e  Code  Gb  stm32f3xx_hal_tim.o [1]
TIM_OC1_SetConfig       0x08004a01   0x90  Code  Gb  stm32f3xx_hal_tim.o [1]
TIM_OC2_SetConfig       0x08004a91   0x88  Code  Gb  stm32f3xx_hal_tim.o [1]
TIM_OC3_SetConfig       0x08004b19   0x86  Code  Gb  stm32f3xx_hal_tim.o [1]
TIM_OC4_SetConfig       0x08004b9f   0x64  Code  Gb  stm32f3xx_hal_tim.o [1]
TIM_OC5_SetConfig       0x080050c5   0x5e  Code  Lc  stm32f3xx_hal_tim_ex.o [1]
TIM_OC6_SetConfig       0x08005123   0x60  Code  Lc  stm32f3xx_hal_tim_ex.o [1]
Transmit_Data           0x080042c9   0x1a  Code  Gb  turtle_functions.o [1]
UART_AdvFeatureConfig   0x08003991   0xda  Code  Gb  stm32f3xx_hal_uart.o [1]
UART_CheckIdleState     0x08003a6b   0x58  Code  Gb  stm32f3xx_hal_uart.o [1]
UART_EndTransmit_IT     0x08003c15   0x2c  Code  Gb  stm32f3xx_hal_uart.o [1]
UART_Receive_IT         0x08003c41   0xa0  Code  Gb  stm32f3xx_hal_uart.o [1]
UART_SetConfig          0x0800371f  0x24c  Code  Gb  stm32f3xx_hal_uart.o [1]
UART_Transmit_IT        0x08003ba1   0x74  Code  Gb  stm32f3xx_hal_uart.o [1]
UART_WaitOnFlagUntilTimeout
                        0x08003ac3   0xde  Code  Gb  stm32f3xx_hal_uart.o [1]
UNBLINK_LED             0x0800428f    0xa  Code  Gb  turtle_functions.o [1]
USART3_IRQHandler       0x08005329    0xa  Code  Gb  stm32f3xx_it.o [1]
UartReady               0x200005f8    0x1  Data  Gb  main.o [1]
_EncodingSb_Mbtowc      0x0800248b   0x30  Code  Gb  xencoding_sb.o [3]
_EncodingSb_Wctomb      0x08002471   0x1a  Code  Gb  xencoding_sb.o [3]
_GetN                   0x08001085   0x22  Code  Lc  xscanffull.o [3]
_GetfldFull             0x080012a9  0x102  Code  Lc  xscanffull.o [3]
_GetfloatFull           0x0800184f  0x4da  Code  Lc  xscanffull.o [3]
_GetintFull             0x08001661  0x1e8  Code  Lc  xscanffull.o [3]
_GetstrFull             0x080013ad  0x2ae  Code  Lc  xscanffull.o [3]
_IsdstStr               0x200000b0    0x4  Data  Gb  setlocale.o [3]
_LocaleC_isalpha        0x080024eb   0x16  Code  Gb  xlocale_c.o [3]
_LocaleC_isspace        0x08002501   0x14  Code  Gb  xlocale_c.o [3]
_LocaleC_tolower        0x08003015    0xc  Code  Gb  xlocale_c.o [3]
_LocaleEncoding         0x0800245f    0xe  Code  Gb  setlocale.o [3]
_LocaleForCat           0x0800244d   0x12  Code  Gb  setlocale.o [3]
_LocaleReturnString     0x200000d0   0x50  Data  Lc  setlocale.o [3]
_Locale_Profile         0x200000b4   0x1c  Data  Gb  setlocale.o [3]
_Locale_aeabi_lconv     0x20000074   0x38  Data  Gb  localeconv.o [3]
_Locale_lconv           0x20000024   0x50  Data  Gb  localeconv.o [3]
_Mbtowc                 0x08001d51   0x20  Code  Gb  xmbtowc.o [3]
_SScin                  0x08001033   0x1e  Code  Gb  xsscin.o [3]
_ScanfFull              0x080010c1  0x1e2  Code  Gb  xscanffull.o [3]
_Stoflt                 0x08002749  0x1b8  Code  Gb  xstoflt.o [3]
_Stopfx                 0x08002623  0x124  Code  Gb  xstopfx.o [3]
_Stoxflt                0x08002db9  0x1e2  Code  Gb  xstoxflt.o [3]
_TzoneStr               0x200000ac    0x4  Data  Gb  setlocale.o [3]
_UngetN                 0x080010a7   0x1a  Code  Lc  xscanffull.o [3]
_Wctomb                 0x080024d1   0x1a  Code  Gb  xwctomb.o [3]
__aeabi_cdcmpeq         0x08003191         Code  Gb  DblCmpEq.o [4]
__aeabi_cdcmple         0x08004c49         Code  Gb  DblCmpLe.o [4]
__aeabi_d2f             0x080023bd         Code  Gb  DblToFlt.o [4]
__aeabi_dadd            0x08002ad1         Code  Gb  DblAdd.o [4]
__aeabi_ddiv            0x08003205         Code  Gb  DblDiv.o [4]
__aeabi_dmul            0x0800292d         Code  Gb  DblMul.o [4]
__aeabi_errno_addr      0x08002515    0x6  Code  Gb  errno.o [3]
__aeabi_i2d             0x08002901         Code  Gb  I32ToDbl.o [4]
__aeabi_ldiv0           0x08003021         Code  Gb  I64DivZer.o [5]
__aeabi_memset          0x080041e1         Code  Gb  ABImemset.o [5]
__aeabi_uldivmod        0x08002535         Code  Gb  I64DivMod.o [5]
__cmain                 0x08005339         Code  Gb  cmain.o [5]
__exit                  0x08005369   0x14  Code  Gb  exit.o [6]
__iar_Dnorm             0x08002fd3   0x42  Code  Gb  xdnorm.o [4]
__iar_Dscale            0x080022a9  0x114  Code  Gb  xdscale.o [4]
__iar_Dtentox           0x08002c15  0x13e  Code  Gb  xdtento.o [4]
__iar_Dunscale          0x080031b1   0x52  Code  Gb  xdunscal.o [4]
__iar_Errno             0x20000120    0x4  Data  Gb  errno.o [3]
__iar_Locale_lconv_init
                        0x0800223d   0x3a  Code  Gb  localeconv.o [3]
__iar_Memchr            0x08001df1         Code  Gb  memchr.o [5]
__iar_Memset            0x080041e1         Code  Gb  ABImemset.o [5]
__iar_Memset_word       0x080041e9         Code  Gb  ABImemset.o [5]
__iar_Stold             0x08002239    0x4  Code  Gb  xstold.o [4]
__iar_Stoldx            0x080020d5  0x14e  Code  Gb  xstold.o [4]
__iar_Stoll             0x08001f1f    0x4  Code  Gb  xstoll.o [3]
__iar_Stollx            0x08001e7f   0xa0  Code  Gb  xstoll.o [3]
__iar_Stoull            0x08002081    0x4  Code  Gb  xstoull.o [3]
__iar_Stoullx           0x08001f25  0x156  Code  Gb  xstoull.o [3]
__iar_Strchr            0x08001dd9         Code  Gb  strchr.o [5]
__iar_Wctob             0x08001d71   0x36  Code  Gb  xwctob.o [3]
__iar_dadd              0x08002ae5         Code  Gb  DblAdd.o [4]
__iar_data_init3        0x080052b1   0x28  Code  Gb  data_init.o [5]
__iar_dlib_perthread_access
                        0x08002fd1    0x2  Code  Gb  xtls.o [3]
__iar_dsub              0x08003025         Code  Gb  DblSub.o [4]
__iar_dsubStart         0x08003037         Code  Gb  DblSub.o [4]
__iar_init_vfp          0x080052d9         Code  Gb  fpinit_M.o [4]
__iar_packbits_init_single3
                        0x08005279   0x38  Code  Gb  packbits_init_single.o [5]
__iar_program_start     0x0800542d         Code  Gb  cstartup_M.o [5]
__iar_ui2d              0x08002915         Code  Gb  I32ToDbl.o [4]
__iar_zero_init3        0x08005239   0x40  Code  Gb  zero_init3.o [5]
__low_level_init        0x08005353    0x4  Code  Gb  low_level_init.o [3]
__vector_table          0x08000000         Data  Gb  startup_stm32f303xc.o [1]
_call_main              0x08005345         Code  Gb  cmain.o [5]
_exit                   0x0800535d         Code  Gb  cexit.o [5]
_main                   0x0800534f         Code  Gb  cmain.o [5]
aAPBAHBPrescTable       0x0800538c   0x10  Data  Gb  stm32f3xx_hal_rcc.o [1]
aPLLMULFactorTable      0x0800539c   0x10  Data  Gb  stm32f3xx_hal_rcc.o [1]
aPredivFactorTable      0x080053ac   0x10  Data  Gb  stm32f3xx_hal_rcc.o [1]
digits                  0x08002084   0x28  Data  Lc  xstoull.o [3]
dmul                    0x08002bb9   0x5a  Code  Lc  xdtento.o [4]
exit                    0x08005357    0x4  Code  Gb  exit.o [3]
finalBuffer             0x200005d4   0x18  Data  Gb  main.o [1]
forward                 0x080042e3   0x80  Code  Gb  turtle_functions.o [1]
htim4                   0x20000598   0x3c  Data  Gb  tim.o [1]
huart3                  0x20000528   0x70  Data  Gb  usart.o [1]
i                       0x200005ec    0x4  Data  Gb  main.o [1]
isalpha                 0x08001db1   0x14  Code  Gb  isxxx.o [3]
isspace                 0x08001dc5   0x14  Code  Gb  isxxx.o [3]
left                    0x08004363   0x7c  Code  Gb  turtle_functions.o [1]
localeconv              0x08002277   0x16  Code  Gb  localeconv.o [3]
main                    0x08003dc3  0x1e0  Code  Gb  main.o [1]
memchr                  0x08001df1         Code  Gb  memchr.o [5]
ndigs                   0x080020ac   0x28  Data  Lc  xstoull.o [3]
pows                    0x08002d70   0x48  Data  Lc  xdtento.o [4]
right                   0x080043df   0x7c  Code  Gb  turtle_functions.o [1]
sscanf                  0x0800479d   0x24  Code  Gb  sscanf.o [3]
strchr                  0x08001dd9         Code  Gb  strchr.o [5]
strlen                  0x08001e49         Code  Gb  strlen.o [5]
strncmp                 0x08004775   0x28  Code  Gb  strncmp.o [3]
tolower                 0x08002521   0x14  Code  Gb  tolower.o [3]
units                   0x200005f0    0x4  Data  Gb  main.o [1]
uwTick                  0x200005f4    0x4  Data  Lc  stm32f3xx_hal.o [1]


[1] = C:\Users\windwos\Desktop\newTurtle\Turtle\USART\Debug\Obj
[2] = command line
[3] = dl7M_tlf.a
[4] = m7M_tls.a
[5] = rt7M_tl.a
[6] = shb_l.a

  21 658 bytes of readonly  code memory
     298 bytes of readonly  data memory
   1 526 bytes of readwrite data memory

Errors: none
Warnings: none
